// Jest Snapshot v1, https://goo.gl/fbAQLP

exports[`GenresList unit test should render correctly 1`] = `
<RCTSafeAreaView
  emulateUnlessSupported={true}
  style={
    Array [
      Object {
        "flexBasis": 0,
        "flexGrow": 1,
        "flexShrink": 1,
      },
    ]
  }
>
  <View
    style={
      Array [
        Object {
          "paddingBottom": 30,
          "paddingLeft": 20,
          "paddingRight": 20,
          "paddingTop": 20,
        },
      ]
    }
  >
    <Text
      style={
        Array [
          Object {
            "fontSize": 34,
          },
        ]
      }
      variant="h4"
    >
      Find movies, TV Shows 
      

      and more ...
    </Text>
  </View>
  <RCTScrollView
    style={
      Array [
        Object {},
      ]
    }
  >
    <View>
      <View
        style={
          Array [
            Object {
              "flexBasis": 0,
              "flexDirection": "column",
              "flexGrow": 1,
              "flexShrink": 1,
            },
          ]
        }
      />
    </View>
  </RCTScrollView>
</RCTSafeAreaView>
`;
